Build started at 2026/06/13 ÖÜÁù  9:23:21.84 
Executing action: all (aliases: build)
Running cmake in directory C:\Users\GUO-notebook\.openclaw\workspace\xiaozhi-esp32\build
Executing "cmake -G Ninja -DPYTHON_DEPS_CHECKED=1 -DPYTHON=C:\Espressif\python_env\idf5.5_py3.11_env\Scripts\python.exe -DESP_PLATFORM=1 -DCCACHE_ENABLE=0 C:\Users\GUO-notebook\.openclaw\workspace\xiaozhi-esp32"...
-- Minimal build - ON
-- Building ESP-IDF components for target esp32s3
NOTICE: Skipping optional dependency: espressif/cjson
NOTICE: Skipping optional dependency: espressif/esp_h264
NOTICE: Skipping optional dependency: espressif/esp_ipa
NOTICE: Skipping optional dependency: espressif/usb
NOTICE: Skipping optional dependency: espressif/esp_lcd_jd9365
NOTICE: Skipping optional dependency: waveshare/esp_lcd_st7703
NOTICE: Skipping optional dependency: espressif/esp32_p4_function_ev_board
NOTICE: Skipping optional dependency: espressif/esp_lcd_ili9881c
NOTICE: Skipping optional dependency: espressif/esp_lcd_ek79007
NOTICE: Skipping optional dependency: espressif/esp_hosted
NOTICE: Skipping optional dependency: espressif/esp_wifi_remote
NOTICE: Skipping optional dependency: espfriends/servo_dog_ctrl
NOTICE: Skipping optional dependency: llgok/cpp_bus_driver
NOTICE: 
Following dependencies have new versions available:
Dependency "78/esp-wifi-connect": "3.1.4" -> "3.1.5"
Dependency "espressif/button": "4.1.6" -> "4.1.7"
Dependency "espressif/esp32-camera": "2.1.6" -> "2.1.7"
Dependency "espressif/i2c_bus": "1.5.1" -> "1.5.2"
Dependency "waveshare/custom_io_expander_ch32v003": "1.0.1" -> "1.0.2"
Consider running "idf.py update-dependencies" to update your lock file.
NOTICE: Processing 68 dependencies:
NOTICE: [1/68] 78/esp-ml307 (3.6.5)
NOTICE: [2/68] 78/esp-wifi-connect (3.1.4)
NOTICE: [3/68] 78/esp_lcd_nv3023 (1.0.0)
NOTICE: [4/68] 78/uart-eth-modem (0.4.2)
NOTICE: [5/68] 78/uart-uhci (0.2.2)
NOTICE: [6/68] 78/xiaozhi-fonts (1.6.0)
NOTICE: [7/68] espressif/adc_battery_estimation (0.2.1)
NOTICE: [8/68] espressif/bmi270_sensor (0.1.1)
NOTICE: [9/68] espressif/button (4.1.6)
NOTICE: [10/68] espressif/cmake_utilities (0.5.3)
NOTICE: [11/68] espressif/dl_fft (0.4.0)
NOTICE: [12/68] espressif/esp-dsp (1.7.0)
NOTICE: [13/68] espressif/esp-sr (2.3.1)
NOTICE: [14/68] espressif/esp32-camera (2.1.6)
NOTICE: [15/68] espressif/esp_audio_codec (2.4.1)
NOTICE: [16/68] espressif/esp_audio_effects (1.2.1)
NOTICE: [17/68] espressif/esp_cam_sensor (1.5.2)
NOTICE: [18/68] espressif/esp_codec_dev (1.5.10)
NOTICE: [19/68] espressif/esp_image_effects (1.1.0)
NOTICE: [20/68] espressif/esp_io_expander (1.2.1)
NOTICE: [21/68] espressif/esp_io_expander_tca9554 (2.0.0)
NOTICE: [22/68] espressif/esp_io_expander_tca95xx_16bit (2.0.2)
NOTICE: [23/68] espressif/esp_jpeg (1.3.1)
NOTICE: [24/68] espressif/esp_lcd_axs15231b (1.0.1~1)
NOTICE: [25/68] espressif/esp_lcd_co5300 (2.0.3)
NOTICE: [26/68] espressif/esp_lcd_gc9a01 (2.0.1)
NOTICE: [27/68] espressif/esp_lcd_ili9341 (1.2.0)
NOTICE: [28/68] espressif/esp_lcd_panel_io_additions (1.0.1~1)
NOTICE: [29/68] espressif/esp_lcd_spd2010 (1.0.2)
NOTICE: [30/68] espressif/esp_lcd_st7701 (1.1.5)
NOTICE: [31/68] espressif/esp_lcd_st77916 (1.0.1)
NOTICE: [32/68] espressif/esp_lcd_st7796 (1.3.5)
NOTICE: [33/68] espressif/esp_lcd_touch (1.2.1)
NOTICE: [34/68] espressif/esp_lcd_touch_cst816s (1.1.1~1)
NOTICE: [35/68] espressif/esp_lcd_touch_ft5x06 (1.1.0~1)
NOTICE: [36/68] espressif/esp_lcd_touch_gt1151 (1.1.0~1)
NOTICE: [37/68] espressif/esp_lcd_touch_gt911 (1.2.0~2)
NOTICE: [38/68] espressif/esp_lcd_touch_st7123 (1.0.2)
NOTICE: [39/68] espressif/esp_lvgl_port (2.7.2)
NOTICE: [40/68] espressif/esp_mmap_assets (1.4.0)
NOTICE: [41/68] espressif/esp_new_jpeg (0.6.1)
NOTICE: [42/68] espressif/esp_sccb_intf (0.0.8)
NOTICE: [43/68] espressif/esp_video (1.3.1)
NOTICE: [44/68] espressif/freetype (2.14.2)
NOTICE: [45/68] espressif/i2c_bus (1.5.1)
NOTICE: [46/68] espressif/iot_eth (0.1.0)
NOTICE: [47/68] espressif/iot_usbh_cdc (3.0.0)
NOTICE: [48/68] espressif/iot_usbh_rndis (0.3.1)
NOTICE: [49/68] espressif/knob (1.0.2)
NOTICE: [50/68] espressif/led_strip (3.0.3)
NOTICE: [51/68] espressif/touch_button_sensor (0.2.2~1)
NOTICE: [52/68] espressif/touch_sensor_fsm (0.8.1~1)
NOTICE: [53/68] espressif/touch_sensor_lowlevel (0.9.1~1)
NOTICE: [54/68] espressif/touch_slider_sensor (0.2.0~1)
NOTICE: [55/68] espressif/usb_host_uvc (2.3.1)
NOTICE: [56/68] espressif2022/esp_emote_assets (0.1.2)
NOTICE: [57/68] espressif2022/esp_emote_expression (0.1.0~3)
NOTICE: [58/68] espressif2022/esp_emote_gfx (2.1.0)
NOTICE: [59/68] espressif2022/image_player (1.1.1)
NOTICE: [60/68] laride/heatshrink (0.4.1)
NOTICE: [61/68] lvgl/lvgl (9.5.0)
NOTICE: [62/68] tny-robotics/sh1106-esp-idf (1.0.1)
NOTICE: [63/68] txp666/otto-emoji-gif-component (1.1.1)
NOTICE: [64/68] waveshare/custom_io_expander_ch32v003 (1.0.1)
NOTICE: [65/68] waveshare/esp_lcd_sh8601 (1.0.2)
NOTICE: [66/68] waveshare/esp_lcd_touch_cst9217 (1.0.4)
NOTICE: [67/68] wvirgil123/sscma_client (1.0.2)
NOTICE: [68/68] idf (5.5.4)
-- Using esp_driver_i2c (SRC_FILE=i2c_bus_v2.c, REQ=esp_driver_i2c driver)
-- ESP-TEE is currently supported only on the esp32c6;esp32h2;esp32c5 SoCs
NOTICE: Skipping optional dependency: espressif/esp_lcd_jd9365
NOTICE: Skipping optional dependency: waveshare/esp_lcd_st7703
NOTICE: Skipping optional dependency: espressif/esp32_p4_function_ev_board
NOTICE: Skipping optional dependency: espressif/esp_lcd_ili9881c
NOTICE: Skipping optional dependency: espressif/esp_lcd_ek79007
NOTICE: Skipping optional dependency: espressif/esp_hosted
NOTICE: Skipping optional dependency: espressif/esp_wifi_remote
NOTICE: Skipping optional dependency: espfriends/servo_dog_ctrl
NOTICE: Skipping optional dependency: llgok/cpp_bus_driver
NOTICE: Skipping optional dependency: espressif/cjson
NOTICE: Skipping optional dependency: espressif/esp_h264
NOTICE: Skipping optional dependency: espressif/esp_ipa
NOTICE: Skipping optional dependency: espressif/usb
-- Project sdkconfig file C:/Users/GUO-notebook/.openclaw/workspace/xiaozhi-esp32/sdkconfig
C:/Users/GUO-notebook/.openclaw/workspace/xiaozhi-esp32/managed_components/espressif__esp_codec_dev/Kconfig:4: warning: ESP_IDF_VERSION has 'option env="ESP_IDF_VERSION"', but the environment variable ESP_IDF_VERSION is not set
Loading defaults file C:/Users/GUO-notebook/.openclaw/workspace/xiaozhi-esp32/sdkconfig.defaults...
C:/Users/GUO-notebook/.openclaw/workspace/xiaozhi-esp32/sdkconfig.defaults:32 CONFIG_NEWLIB_NANO_FORMAT was replaced with CONFIG_LIBC_NEWLIB_NANO_FORMAT 
Loading defaults file C:/Users/GUO-notebook/.openclaw/workspace/xiaozhi-esp32/sdkconfig.defaults.esp32s3...
-- Compiler supported targets: xtensa-esp-elf
-- Detecting C compiler ABI info
-- Detecting C compiler ABI info - done
-- Detecting CXX compiler ABI info
-- Detecting CXX compiler ABI info - done
-- Detecting C compiler ABI info
-- Detecting C compiler ABI info - done
-- Detecting CXX compiler ABI info
-- Detecting CXX compiler ABI info - done
